// Jest Snapshot v1, https://goo.gl/fbAQLP

exports[`App rendering Child Shallow rendering 1`] = `ShallowWrapper {}`;

exports[`App rendering Child for else Shallow rendering 1`] = `ShallowWrapper {}`;

exports[`App rendering Shallow rendering 1`] = `ShallowWrapper {}`;
